// Jest Snapshot v1, https://goo.gl/fbAQLP

exports[`SalarySearchCard renders correctly 1`] = `
<body>
  <div>
    <div
      class="ant-card sc-bdVaJa eryrXr ant-card-bordered"
    >
      <div
        class="ant-card-body"
      >
        <h2 />
        <p
          class="salary"
        >
          $NaN
          /yr
        </p>
        <p />
      </div>
    </div>
  </div>
</body>
`;
